C:\xampp\htdocs\careerpath-ai-mvp\matching-service\..\crawler\crawler.py:211: DeprecationWarning: The 'reconnect' argument is deprecated. Create a new connection if you want to reconnect.
  conn.ping(reconnect=True)

=== Searching PhilJobNet for: 'nurse' ===
  Found 5 job link(s) to check.
  [=] Already staged/seen: COMPANY NURSE
  [+] Staged: OCCUPATIONAL HEALTH NURSE (VIRGINIA FOODS INC.)
  [AI] Auto-enriched: OCCUPATIONAL HEALTH NURSE
  [=] Already staged/seen: SPECIALIZED NURSE
  [=] Already staged/seen: STAFF NURSE
  [=] Already staged/seen: DENTAL NURSE

=== Searching PhilJobNet for: 'teacher' ===
  Found 5 job link(s) to check.
  [=] Already staged/seen: NON-FORMAL EDUCATION TEACHER
  [=] Already staged/seen: MATHEMATICS TEACHER (SECONDARY EDUCATION)
  [=] Already staged/seen: ACCOUNTING CLERK
  [=] Already staged/seen: TRUCK DRIVER
  [+] Staged: TEACHER (ELEMENTARY SCIENCE) (ONLINE HIRING CORP.)
  [AI] Auto-enriched: TEACHER (ELEMENTARY SCIENCE)

=== Searching PhilJobNet for: 'accountant' ===
  Found 5 job link(s) to check.
  [!] Failed to fetch https://philjobnet.gov.ph/job-vacancies/job/accountant-general-1465630: ('Connection aborted.', ConnectionResetError(10054, 'An existing connection was forcibly closed by the remote host', None, 10054, None))
  [!] Failed to fetch https://philjobnet.gov.ph/job-vacancies/job/senior-accountant-1466437: HTTPSConnectionPool(host='philjobnet.gov.ph', port=443): Max retries exceeded with url: /job-vacancies/job/senior-accountant-1466437 (Caused by NameResolutionError("HTTPSConnection(host='philjobnet.gov.ph', port=443): Failed to resolve 'philjobnet.gov.ph' ([Errno 11001] getaddrinfo failed)"))
  [!] Failed to fetch https://philjobnet.gov.ph/job-vacancies/job/associate-accountant-1470584: HTTPSConnectionPool(host='philjobnet.gov.ph', port=443): Max retries exceeded with url: /job-vacancies/job/associate-accountant-1470584 (Caused by NameResolutionError("HTTPSConnection(host='philjobnet.gov.ph', port=443): Failed to resolve 'philjobnet.gov.ph' ([Errno 11001] getaddrinfo failed)"))
  [!] Failed to fetch https://philjobnet.gov.ph/job-vacancies/job/accountant-general-1464757: HTTPSConnectionPool(host='philjobnet.gov.ph', port=443): Max retries exceeded with url: /job-vacancies/job/accountant-general-1464757 (Caused by NameResolutionError("HTTPSConnection(host='philjobnet.gov.ph', port=443): Failed to resolve 'philjobnet.gov.ph' ([Errno 11001] getaddrinfo failed)"))
  [!] Failed to fetch https://philjobnet.gov.ph/job-vacancies/job/accountant-general-1464834: HTTPSConnectionPool(host='philjobnet.gov.ph', port=443): Max retries exceeded with url: /job-vacancies/job/accountant-general-1464834 (Caused by NameResolutionError("HTTPSConnection(host='philjobnet.gov.ph', port=443): Failed to resolve 'philjobnet.gov.ph' ([Errno 11001] getaddrinfo failed)"))

=== Searching PhilJobNet for: 'software developer' ===
  [!] Could not fetch listing for 'software developer': HTTPSConnectionPool(host='philjobnet.gov.ph', port=443): Max retries exceeded with url: /job-vacancies/0/software%20developer/0 (Caused by NameResolutionError("HTTPSConnection(host='philjobnet.gov.ph', port=443): Failed to resolve 'philjobnet.gov.ph' ([Errno 11001] getaddrinfo failed)"))

=== Searching PhilJobNet for: 'electrician' ===
  [!] Could not fetch listing for 'electrician': HTTPSConnectionPool(host='philjobnet.gov.ph', port=443): Max retries exceeded with url: /job-vacancies/0/electrician/0 (Caused by NameResolutionError("HTTPSConnection(host='philjobnet.gov.ph', port=443): Failed to resolve 'philjobnet.gov.ph' ([Errno 11001] getaddrinfo failed)"))

=== Searching PhilJobNet for: 'welder' ===
  [!] Could not fetch listing for 'welder': HTTPSConnectionPool(host='philjobnet.gov.ph', port=443): Max retries exceeded with url: /job-vacancies/0/welder/0 (Caused by NameResolutionError("HTTPSConnection(host='philjobnet.gov.ph', port=443): Failed to resolve 'philjobnet.gov.ph' ([Errno 11001] getaddrinfo failed)"))

=== Searching PhilJobNet for: 'civil engineer' ===
  [!] Could not fetch listing for 'civil engineer': HTTPSConnectionPool(host='philjobnet.gov.ph', port=443): Max retries exceeded with url: /job-vacancies/0/civil%20engineer/0 (Caused by NameResolutionError("HTTPSConnection(host='philjobnet.gov.ph', port=443): Failed to resolve 'philjobnet.gov.ph' ([Errno 11001] getaddrinfo failed)"))

=== Searching PhilJobNet for: 'graphic designer' ===
  [!] Could not fetch listing for 'graphic designer': HTTPSConnectionPool(host='philjobnet.gov.ph', port=443): Max retries exceeded with url: /job-vacancies/0/graphic%20designer/0 (Caused by NameResolutionError("HTTPSConnection(host='philjobnet.gov.ph', port=443): Failed to resolve 'philjobnet.gov.ph' ([Errno 11001] getaddrinfo failed)"))

=== Searching PhilJobNet for: 'sales' ===
  [!] Could not fetch listing for 'sales': HTTPSConnectionPool(host='philjobnet.gov.ph', port=443): Max retries exceeded with url: /job-vacancies/0/sales/0 (Caused by NameResolutionError("HTTPSConnection(host='philjobnet.gov.ph', port=443): Failed to resolve 'philjobnet.gov.ph' ([Errno 11001] getaddrinfo failed)"))

=== Searching PhilJobNet for: 'chef' ===
  [!] Could not fetch listing for 'chef': HTTPSConnectionPool(host='philjobnet.gov.ph', port=443): Max retries exceeded with url: /job-vacancies/0/chef/0 (Caused by NameResolutionError("HTTPSConnection(host='philjobnet.gov.ph', port=443): Failed to resolve 'philjobnet.gov.ph' ([Errno 11001] getaddrinfo failed)"))

Done. Checked 15 postings, staged 2 new entries into pending_careers.
Open php/careers.php to review and approve them into the live career database.
