C:\xampp\htdocs\careerpath-ai-mvp\matching-service\..\crawler\crawler.py:209: DeprecationWarning: The 'reconnect' argument is deprecated. Create a new connection if you want to reconnect.
  conn.ping(reconnect=True)

=== Searching PhilJobNet for: 'nurse' ===
  Found 5 job link(s) to check.
  [=] Already staged/seen: STAFF NURSE
  [=] Already staged/seen: SPECIALIZED NURSE
  [+] Staged: COMPANY NURSE (OUROKU CORPORATION)
  [+] Staged: DENTAL NURSE (21ST CENTURY MANPOWER RESOURCES INC)
  [=] Already staged/seen: STAFF NURSE

=== Searching PhilJobNet for: 'teacher' ===
  Found 5 job link(s) to check.
  [+] Staged: ACCOUNTING CLERK (ABRA DIOCESAN TEACHERS AND EMPLOYEES MULTI-PURPOSE COOPERATIVE)
  [+] Staged: PREPARATORY SCHOOL TEACHER (LAU'MEL INTERNATIONAL STAFFING SERVICES INC)
  [=] Already staged/seen: TRUCK DRIVER
  [=] Already staged/seen: TEACHER (ELEMENTARY SCIENCE)
  [+] Staged: TEACHER (ELEMENTARY MATHEMATICS) (ONLINE HIRING CORP.)

=== Searching PhilJobNet for: 'accountant' ===
  Found 5 job link(s) to check.
  [+] Staged: SENIOR ACCOUNTANT (WWW.NEXTOFFICE.COM)
  [=] Already staged/seen: COST ACCOUNTANT
  [+] Staged: ACCOUNTANT (GENERAL) (GLOBAL TERMINALS AND DEVELOPMENT INC.)
  [=] Already staged/seen: ACCOUNTANT (GENERAL)
  [+] Staged: ACCOUNTANT (GENERAL) (KANO GLOBAL SOLUTIONS CORPORATION)

=== Searching PhilJobNet for: 'software developer' ===
  Found 0 job link(s) to check.

=== Searching PhilJobNet for: 'electrician' ===
  Found 5 job link(s) to check.
  [+] Staged: MASTER ELECTRICIAN (OUROKU CORPORATION)
  [+] Staged: MAINTENANCE ELECTRICIAN (STELLAR 167 MANPOWER RECRUITMENT & SERVICES INC.)
  [+] Staged: MAINTENANCE ELECTRICIAN (SUPERIOR GAS & EQUIPMENT CO. OF CEBU, INC.)
  [=] Already staged/seen: SHIP ELECTRICIAN
  [=] Already staged/seen: SHIP ELECTRICIAN

=== Searching PhilJobNet for: 'welder' ===
  Found 5 job link(s) to check.
  [+] Staged: METAL ARC WELDER (NEW PERSONNEL BUILDERS & CONSULTANCY SERVICES, INC.)
  [=] Already staged/seen: WELDER
  [+] Staged: WELDER (1ST DYNAMIC PERSONNEL RESOURCES INC)
  [=] Already staged/seen: WELDER
  [=] Already staged/seen: WELDER

=== Searching PhilJobNet for: 'civil engineer' ===
  Found 5 job link(s) to check.
  [+] Staged: BUSINESS DEVELOPMENT/MARKETING SPECIALIST (ABOITIZ CONSTRUCTION, INC)
  [+] Staged: CIVIL ENGINEER (GENERAL) (CHINA WUYI CO.,LTD)
  [+] Staged: CIVIL ENGINEER (GENERAL) (CHINA WUYI CO.,LTD)
  [=] Already staged/seen: CIVIL ENGINEER (GENERAL)
  [=] Already staged/seen: CIVIL ENGINEER (GENERAL)

=== Searching PhilJobNet for: 'graphic designer' ===
  Found 5 job link(s) to check.
  [=] Already staged/seen: GRAPHIC DESIGNER
  [+] Staged: GRAPHIC DESIGNER (HI PRECISION DIAGNOSTIC CENTER INC)
  [+] Staged: GRAPHIC DESIGNER (EFLEXERVICES PHILS. INC.)
  [+] Staged: GRAPHIC DESIGNER (DIONISIO, ERNESTO JR NAPIZA)
  [=] Already staged/seen: GRAPHIC DESIGNER

=== Searching PhilJobNet for: 'sales' ===
  Found 5 job link(s) to check.
  [=] Already staged/seen: SALES CLERK
  [+] Staged: SALES ASSOCIATE PROFESSIONAL (CITI HRM CORP)
  [=] Already staged/seen: SALES CLERK
  [=] Already staged/seen: SALES OFFICER
  [=] Already staged/seen: SALES CLERK

=== Searching PhilJobNet for: 'chef' ===
  Found 5 job link(s) to check.
  [=] Already staged/seen: PASTRY CHEF
  [=] Already staged/seen: LEAD CHEF
  [+] Staged: PASTRY CHEF (GPNC SERVICES CORP.)
  [+] Staged: COMMIS CHEF (HOME OF CEBUANO CUISINE CORPORATION)
  [=] Already staged/seen: COMMIS CHEF

Done. Checked 45 postings, staged 22 new entries into pending_careers.
Open php/careers.php to review and approve them into the live career database.
