C:\xampp\htdocs\careerpath-ai-mvp\matching-service\..\crawler\crawler.py:209: DeprecationWarning: The 'reconnect' argument is deprecated. Create a new connection if you want to reconnect.
  conn.ping(reconnect=True)

=== Searching PhilJobNet for: 'nurse' ===
  Found 5 job link(s) to check.
  [=] Already staged/seen: DENTAL NURSE
  [=] Already staged/seen: COMPANY NURSE
  [=] Already staged/seen: STAFF NURSE
  [+] Staged: STAFF NURSE (IKON SOLUTIONS ASIA INC.)
  [+] Staged: NURSE II (GOV) (PHATES MANAGEMENT RESOURCES INC)

=== Searching PhilJobNet for: 'teacher' ===
  Found 5 job link(s) to check.
  [=] Already staged/seen: LANGUAGE TEACHER (SECONDARY EDUCATION)
  [+] Staged: TEACHER ASSISTANT (UNHOOP PHILIPPINES INC)
  [=] Already staged/seen: MATHEMATICS TEACHER (SECONDARY EDUCATION)
  [=] Already staged/seen: ACCOUNTING CLERK
  [+] Staged: NON-FORMAL EDUCATION TEACHER (IU ENGLISH ACADEMY CORPORATION)

=== Searching PhilJobNet for: 'accountant' ===
  Found 5 job link(s) to check.
  [=] Already staged/seen: ACCOUNTANT (GENERAL)
  [+] Staged: ASSOCIATE ACCOUNTANT (PETRON CORPORATION)
  [+] Staged: SENIOR ACCOUNTANT (SKY ADS INC)
  [=] Already staged/seen: ACCOUNTANT (GENERAL)
  [=] Already staged/seen: ACCOUNTANT (GENERAL)

=== Searching PhilJobNet for: 'software developer' ===
  Found 0 job link(s) to check.

=== Searching PhilJobNet for: 'electrician' ===
  Found 5 job link(s) to check.
  [=] Already staged/seen: MAINTENANCE ELECTRICIAN
  [=] Already staged/seen: AUTOMOTIVE ELECTRICIAN
  [=] Already staged/seen: SHIP ELECTRICIAN
  [+] Staged: BUILDING ELECTRICIAN (KENGY MANPOWER ANG GENERAL SERVICES CO.)
  [=] Already staged/seen: SHIP ELECTRICIAN

=== Searching PhilJobNet for: 'welder' ===
  Found 5 job link(s) to check.
  [=] Already staged/seen: WELDER
  [=] Already staged/seen: WELDER
  [=] Already staged/seen: WELDER
  [+] Staged: WELDER (CEBU LABORLINK MANPOWER CORPORATION)
  [=] Already staged/seen: METAL ARC WELDER

=== Searching PhilJobNet for: 'civil engineer' ===
  Found 5 job link(s) to check.
  [=] Already staged/seen: CIVIL ENGINEER (GENERAL)
  [+] Staged: CIVIL ENGINEER (GENERAL) (NOSPHIL CONSULTANCY AND MANPOWER SERVICES INC.)
  [=] Already staged/seen: CIVIL ENGINEER (GENERAL)
  [=] Already staged/seen: CIVIL ENGINEER (GENERAL)
  [=] Already staged/seen: CIVIL ENGINEER (GENERAL)

=== Searching PhilJobNet for: 'graphic designer' ===
  Found 5 job link(s) to check.
  [=] Already staged/seen: GRAPHIC DESIGNER
  [=] Already staged/seen: GRAPHIC DESIGNER
  [=] Already staged/seen: GRAPHIC DESIGNER
  [=] Already staged/seen: GRAPHIC DESIGNER
  [=] Already staged/seen: GRAPHIC DESIGNER

=== Searching PhilJobNet for: 'sales' ===
  Found 5 job link(s) to check.
  [+] Staged: SALES ENGINEER (PCT PURECHEM ENTERPRISE INC.)
  [=] Already staged/seen: SALESMAN
  [=] Already staged/seen: SALES ASSOCIATE PROFESSIONAL
  [=] Already staged/seen: SALES CLERK
  [+] Staged: SALESMAN (ZEST-O CORPORATION)

=== Searching PhilJobNet for: 'chef' ===
  Found 5 job link(s) to check.
  [=] Already staged/seen: LEAD CHEF
  [=] Already staged/seen: PASTRY CHEF
  [=] Already staged/seen: COMMIS CHEF
  [+] Staged: PASTRY CHEF (HOME OF CEBUANO CUISINE CORPORATION)
  [=] Already staged/seen: CHEF

Done. Checked 45 postings, staged 12 new entries into pending_careers.
Open php/careers.php to review and approve them into the live career database.
