C:\xampp\htdocs\careerpath-ai-mvp\matching-service\..\crawler\crawler.py:211: DeprecationWarning: The 'reconnect' argument is deprecated. Create a new connection if you want to reconnect.
  conn.ping(reconnect=True)

=== Searching PhilJobNet for: 'nurse' ===
  Found 5 job link(s) to check.
  [=] Already staged/seen: NURSE I (GOV)
  [=] Already staged/seen: OCCUPATIONAL HEALTH NURSE
  [=] Already staged/seen: STAFF NURSE
  [=] Already staged/seen: SPECIALIZED NURSE
  [=] Already staged/seen: STAFF NURSE

=== Searching PhilJobNet for: 'teacher' ===
  Found 5 job link(s) to check.
  [+] Staged: PREPARATORY SCHOOL TEACHER (LAU'MEL INTERNATIONAL STAFFING SERVICES INC)
  [AI] Auto-enriched: PREPARATORY SCHOOL TEACHER
  [=] Already staged/seen: MATHEMATICS TEACHER (SECONDARY EDUCATION)
  [=] Already staged/seen: NON-FORMAL EDUCATION TEACHER
  [=] Already staged/seen: LANGUAGE TEACHER (SECONDARY EDUCATION)
  [=] Already staged/seen: ACCOUNTING CLERK

=== Searching PhilJobNet for: 'accountant' ===
  Found 5 job link(s) to check.
  [=] Already staged/seen: SENIOR ACCOUNTANT
  [=] Already staged/seen: SENIOR ACCOUNTANT
  [=] Already staged/seen: ASSOCIATE ACCOUNTANT
  [=] Already staged/seen: ACCOUNTANT (GENERAL)
  [=] Already staged/seen: ACCOUNTANT (GENERAL)

=== Searching PhilJobNet for: 'software developer' ===
  Found 0 job link(s) to check.

=== Searching PhilJobNet for: 'electrician' ===
  Found 5 job link(s) to check.
  [=] Already staged/seen: ELECTRICIAN (GENERAL)
  [=] Already staged/seen: ELECTRICIAN (GENERAL)
  [=] Already staged/seen: ELECTRICIAN (GENERAL)
  [=] Already staged/seen: ELECTRICIAN (GENERAL)
  [=] Already staged/seen: AUTOMOTIVE ELECTRICIAN

=== Searching PhilJobNet for: 'welder' ===
  Found 5 job link(s) to check.
  [=] Already staged/seen: METAL ARC WELDER
  [=] Already staged/seen: WELDER
  [+] Staged: WELDER (FLUOR MANPOWER AGENCY INC)
  [AI] Auto-enriched: WELDER
  [=] Already staged/seen: WELDER
  [=] Already staged/seen: WELDER

=== Searching PhilJobNet for: 'civil engineer' ===
  Found 5 job link(s) to check.
  [+] Staged: CIVIL ENGINEER (GENERAL) (NOSPHIL CONSULTANCY AND MANPOWER SERVICES INC.)
  [AI] Auto-enriched: CIVIL ENGINEER (GENERAL)
  [=] Already staged/seen: CIVIL ENGINEER (GENERAL)
  [=] Already staged/seen: SITE ENGINEER
  [+] Staged: CIVIL ENGINEER (GENERAL) (CHINA WUYI CO.,LTD)
  [AI] Auto-enriched: CIVIL ENGINEER (GENERAL)
  [=] Already staged/seen: STRUCTURAL DRAFTSMAN

=== Searching PhilJobNet for: 'graphic designer' ===
  Found 5 job link(s) to check.
  [=] Already staged/seen: GRAPHIC DESIGNER
  [=] Already staged/seen: GRAPHIC DESIGNER
  [=] Already staged/seen: GRAPHIC DESIGNER
  [=] Already staged/seen: GRAPHIC DESIGNER
  [=] Already staged/seen: GRAPHIC DESIGNER

=== Searching PhilJobNet for: 'sales' ===
  Found 5 job link(s) to check.
  [=] Already staged/seen: SALES ASSOCIATE PROFESSIONAL
  [=] Already staged/seen: STORE SALESPERSON
  [=] Already staged/seen: SALES REPRESENTATIVE I (GOV)
  [=] Already staged/seen: SALES ASSOCIATE PROFESSIONAL
  [=] Already staged/seen: STORE SALESPERSON

=== Searching PhilJobNet for: 'chef' ===
  Found 5 job link(s) to check.
  [=] Already staged/seen: COMMIS CHEF
  [=] Already staged/seen: COMMIS CHEF
  [=] Already staged/seen: PASTRY CHEF
  [=] Already staged/seen: PASTRY CHEF
  [=] Already staged/seen: CHEF

Done. Checked 45 postings, staged 4 new entries into pending_careers.
Open php/careers.php to review and approve them into the live career database.
