C:\xampp\htdocs\careerpath-ai-mvp\matching-service\..\crawler\crawler.py:209: DeprecationWarning: The 'reconnect' argument is deprecated. Create a new connection if you want to reconnect.
  conn.ping(reconnect=True)

=== Searching PhilJobNet for: 'nurse' ===
  Found 5 job link(s) to check.
  [+] Staged: STAFF NURSE (IKON SOLUTIONS ASIA INC.)
  [+] Staged: STAFF NURSE (CAREVIEW CORPORATION)
  [+] Staged: COMPANY NURSE (ATLANTA INDUSTRIES, INC.)
  [+] Staged: COMPANY NURSE (SUBIC BAY FREEPORT GRAIN TERMINAL SERVICES, INC.)
  [+] Staged: NURSE II (GOV) (PHATES MANAGEMENT RESOURCES INC)

=== Searching PhilJobNet for: 'teacher' ===
  Found 5 job link(s) to check.
  [+] Staged: TEACHER (ELEMENTARY MATHEMATICS) (ONLINE HIRING CORP.)
  [+] Staged: NON-FORMAL EDUCATION TEACHER (IU ENGLISH ACADEMY CORPORATION)
  [+] Staged: TEACHER (ELEMENTARY SCIENCE) (ONLINE HIRING CORP.)
  [+] Staged: PREPARATORY SCHOOL TEACHER (LAU'MEL INTERNATIONAL STAFFING SERVICES INC)
  [+] Staged: KINDERGARTEN TEACHER (ONLINE HIRING CORP.)

=== Searching PhilJobNet for: 'accountant' ===
  Found 5 job link(s) to check.
  [+] Staged: CORPORATE ACCOUNTANT (ACCENTLINE, INC.)
  [+] Staged: ASSOCIATE ACCOUNTANT (PETRON CORPORATION)
  [+] Staged: ACCOUNTANT (GENERAL) (WRKPOD INC.)
  [+] Staged: COST ACCOUNTANT (ALLIANCE SELECT FOODS INTERNATIONAL, INC.)
  [+] Staged: ACCOUNTANT (GENERAL) (KKK TURBO FUEL CORPORATION)

=== Searching PhilJobNet for: 'software developer' ===
  Found 0 job link(s) to check.

=== Searching PhilJobNet for: 'electrician' ===
  Found 5 job link(s) to check.
  [+] Staged: AUTOMOTIVE ELECTRICIAN (F. GURREA CONSTRUCTION INCORPORATED)
  [+] Staged: SENIOR BUILDING ELECTRICIAN (GOV) (E.G. ENERGY CORPORATION)
  [+] Staged: ELECTRICIAN (GENERAL) (SUBIC BAY FREEPORT GRAIN TERMINAL SERVICES, INC.)
  [+] Staged: ELECTRICIAN (GENERAL) (CREAM SHIP MANAGEMENT, INC.)
  [+] Staged: ELECTRICIAN (GENERAL) (IKON SOLUTIONS ASIA INC.)

=== Searching PhilJobNet for: 'welder' ===
  Found 5 job link(s) to check.
  [+] Staged: WELDER (BRANIA-SULIT CORPORATION)
  [+] Staged: WELDER (CEBU LABORLINK MANPOWER CORPORATION)
  [+] Staged: WELDER (CELEBES COCONUT CORPORATION)
  [+] Staged: WELDER (ENVISION RECRUITMENT INC.)
  [+] Staged: TIG WELDER (CELEBES COCONUT CORPORATION)

=== Searching PhilJobNet for: 'civil engineer' ===
  Found 5 job link(s) to check.
  [+] Staged: BUILDING ADMINISTRATOR (H&D GROUP OF COMPANIES INC)
  [+] Staged: CIVIL ENGINEER (GENERAL) (SMC GLOBAL POWER HOLDINGS CORP.)
  [+] Staged: CONSTRUCTION MANAGER (F. GURREA CONSTRUCTION INCORPORATED)
  [+] Staged: CIVIL ENGINEER (GENERAL) (LOCAL GOVERNMENT UNIT OF MACO)
  [+] Staged: CIVIL ENGINEER (GENERAL) (C & TRIPLE A SUPERMARKET INC.)

=== Searching PhilJobNet for: 'graphic designer' ===
  Found 5 job link(s) to check.
  [+] Staged: GRAPHIC DESIGNER (DIONISIO, ERNESTO JR NAPIZA)
  [+] Staged: GRAPHIC DESIGNER (WRKPOD INC.)
  [+] Staged: GRAPHIC DESIGNER (HI PRECISION DIAGNOSTIC CENTER INC)
  [+] Staged: GRAPHIC DESIGNER (MANDELA 27 FOODS CORPORATION)
  [+] Staged: GRAPHIC DESIGNER (INT'L. MANPOWER ESSENTIALS, INC.)

=== Searching PhilJobNet for: 'sales' ===
  Found 5 job link(s) to check.
  [+] Staged: SALESMAN (SUPERIOR GAS & EQUIPMENT CO. OF CEBU, INC.)
  [+] Staged: SALES EXECUTIVE (PANTRONICS INTERNATIONAL CORPORATION)
  [+] Staged: INSURANCE SALESMAN (NXT MILE MOTOR INC.)
  [+] Staged: STORE SALESPERSON (ACE ELECTRONIC TECHNOLOGY INC.)
  [+] Staged: SALES CLERK (SUPPLIES STATION INC.)

=== Searching PhilJobNet for: 'chef' ===
  Found 5 job link(s) to check.
  [+] Staged: PASTRY CHEF (BROOKSIDE MANPOWER SERVICES INCORPORATED)
  [+] Staged: SOUS CHEF (JSAVE REALITY CORPORATION)
  [+] Staged: COMMIS CHEF (HOTEL ELIZABETH)
  [+] Staged: PASTRY CHEF (TOP-ASIA MANAGEMENT SOLUTIONS INC.)
  [+] Staged: COMMIS CHEF (IKON SOLUTIONS ASIA INC.)

Done. Checked 45 postings, staged 45 new entries into pending_careers.
Open php/careers.php to review and approve them into the live career database.
