C:\xampp\htdocs\careerpath-ai-mvp\matching-service\..\crawler\remoteok_client.py:122: DeprecationWarning: The 'reconnect' argument is deprecated. Create a new connection if you want to reconnect.
  conn.ping(reconnect=True)
=== Fetching RemoteOK public feed ===
Fetched 99 total postings from RemoteOK.
  [=] Already staged/seen: Sr Solutions Architect
  [+] Staged (sales): Regional Sales Manager (OrderYOYO)
Traceback (most recent call last):
  File "C:\xampp\htdocs\careerpath-ai-mvp\matching-service\..\crawler\remoteok_client.py", line 210, in <module>
    run()
    ~~~^^
  File "C:\xampp\htdocs\careerpath-ai-mvp\matching-service\..\crawler\remoteok_client.py", line 199, in run
    auto_enrich_pending(conn, new_pending_id, row["source_title"], row["description"], row["qualifications"])
    ~~~~~~~~~~~~~~~~~~~^^^^^^^^^^^^^^^^^^^^^^^^^^^^^^^^^^^^^^^^^^^^^^^^^^^^^^^^^^^^^^^^^^^^^^^^^^^^^^^^^^^^^^
  File "C:\xampp\htdocs\careerpath-ai-mvp\crawler\enrichment_helper.py", line 102, in auto_enrich_pending
    print(f"  [\u2728] Auto-enriched: {source_title}")
    ~~~~~^^^^^^^^^^^^^^^^^^^^^^^^^^^^^^^^^^^^^^^^^
  File "C:\Program Files\WindowsApps\PythonSoftwareFoundation.Python.3.13_3.13.3824.0_x64__qbz5n2kfra8p0\Lib\encodings\cp1252.py", line 19, in encode
    return codecs.charmap_encode(input,self.errors,encoding_table)[0]
           ~~~~~~~~~~~~~~~~~~~~~^^^^^^^^^^^^^^^^^^^^^^^^^^^^^^^^^^
UnicodeEncodeError: 'charmap' codec can't encode character '\u2728' in position 3: character maps to <undefined>
